<html>
<body>
<pre>
<h1>µVision Build Log</h1>
<h2>Tool Versions:</h2>
IDE-Version: ¦ÌVision V5.37.0.0
Copyright (C) 2022 ARM Ltd and ARM Germany GmbH. All rights reserved.
License Information: None Mizukihasi2, None, LIC=SDA0P-M2EX7-IIM5V-P4XV2-FS84Q-75Y0B
 
Tool Versions:
Toolchain:       MDK-ARM Plus  Version: 5.37.0.0
Toolchain Path:  B:\ProgramFile(InstallationDirectory)\KeilV5\ARM\ARMCC\Bin
C Compiler:      Armcc.exe V5.05 update 1 (build 106)
Assembler:       Armasm.exe V5.05 update 1 (build 106)
Linker/Locator:  ArmLink.exe V5.05 update 1 (build 106)
Library Manager: ArmAr.exe V5.05 update 1 (build 106)
Hex Converter:   FromElf.exe V5.05 update 1 (build 106)
CPU DLL:         SARMCM3.DLL V5.37.0.0
Dialog DLL:      DCM.DLL V1.17.5.0
Target DLL:      CMSIS_AGDI.dll V1.33.12.0
Dialog DLL:      TCM.DLL V1.56.1.0
 
<h2>Project:</h2>
D:\Document\DailyWork\BaiduSyncdisk\F407\3LVGLÄ£°å3\template.uvprojx
Project File Date:  08/16/2023

<h2>Output:</h2>
*** Using Compiler 'V5.05 update 1 (build 106)', folder: 'B:\ProgramFile(InstallationDirectory)\KeilV5\ARM\ARMCC\Bin'
Build target 'Target 1'
compiling lv_port_disp_template.c...
Middlewares\LVGL\GUI\lvgl\examples\porting\lv_port_disp_template.c(140): warning:  #767-D: conversion from pointer to smaller integer
  	printf("rgb:#%x%x%x\t%d\r\n", px_map->red, px_map->green, px_map->blue, (u16)(&px_map));
Middlewares\LVGL\GUI\lvgl\examples\porting\lv_port_disp_template.c: 1 warning, 0 errors
linking...
Program Size: Code=187044 RO-data=18404 RW-data=520 ZI-data=31184  
FromELF: creating hex file...
".\Objects\template.axf" - 0 Error(s), 1 Warning(s).

<h2>Software Packages used:</h2>

Package Vendor: Keil
                https://www.keil.com/pack/Keil.STM32F4xx_DFP.2.17.0.pack
                Keil.STM32F4xx_DFP.2.17.0
                STMicroelectronics STM32F4 Series Device Support, Drivers and Examples

<h2>Collection of Component include folders:</h2>
  B:/ProgramFile(InstallationDirectory)/KeilV5/ARM/Pack/Keil/STM32F4xx_DFP/2.17.0/Drivers/CMSIS/Device/ST/STM32F4xx/Include

<h2>Collection of Component Files used:</h2>
Build Time Elapsed:  00:00:05
</pre>
</body>
</html>
